$ python3 harness/run.py --track h1
transport=host generator=slow judges=default,smol

config: track=h1 transport=host generator=slow judges=default,smol items=6
contract bytes=10323, rail keep=13 translate=7
item tr-sales-1   sales      a=4.25 b=3.50 delta=-0.75 | default: fwd 4 vs 4, back 3 vs 4
    markers a=[] b=[]
    --- arm a ---
Merhaba Elif Hanım,

Bugünkü demo için tekrar teşekkür ederiz. Görüşmemizde ürünümüzün sağladığı faydalardan bahsettik; siz entegrasyonda bazı iyileştirmeler olabileceğini belirttiniz. Bir sonraki adım olarak ekibimizle teknik bir toplantı düzenlemek istiyoruz.

Bir müşterimiz kısa süre önce benzer bir geçişi tamamladı; sonuçlar olumluydu. İsterseniz deneyimlerini paylaşabiliriz.

Teslim tarihinde esneklik sağlayabileceğimizi düşünüyoruz. Cuma gününe kadar dönüş yaparsanız Q4 kapanışına yetişebiliriz.

Sevgiler,
Deniz
    --- arm b ---
Merhaba Elif Hanım,

Bugünkü demo için tekrar teşekkür ederiz. Görüşmemizde ürünümüzün sağladığı faydaları konuştuk. Sizin de belirttiğiniz üzere entegrasyonda bazı iyileştirmeler gerekebilir. Bir sonraki adım olarak ekibimizle teknik bir toplantı düzenlemek istiyoruz.

Mevcut müşterilerimizden biri kısa süre önce benzer bir geçiş sürecini tamamladı ve sonuçlar çok iyi. Onların deneyimlerini de paylaşabiliriz.

Deadline konusunda esnek davranabiliriz. Cuma gününe kadar dönüş yaparsanız Q4 kapanışına yetişebiliriz.

Sevgiler,
Deniz
item tr-sales-2   sales      a=4.75 b=4.00 delta=-0.75 | default: fwd 4 vs 5, back 3 vs 5
    markers a=[] b=[]
    --- arm a ---
Kavara, operasyon ekiplerinin manuel iş yükünü azaltan bir platformdur. Görevleri otomatik dağıtır ve ekip performansını ölçer.

12 sektördeki ekipler Kavara'yı kullanıyor. Kullanıcılarımızın %87'si ilk üç ayda ölçülebilir iyileşme bildirdi.

Kurulum ortalama 6 hafta sürer; bu süre sonunda ekipleriniz geçişi tamamlar. Teknik ekiplerimiz geçiş boyunca sizinle çalışır ve gerekli eğitimleri verir.

Bir sonraki toplantıda şirketinizin büyüme hedeflerine uygun bir yol haritası çizebiliriz.
    --- arm b ---
Kavara, operasyon ekiplerinin manuel iş yükünü azaltan bir platform. Görevleri otomatik dağıtıyor ve ekip performansını ölçüyor.

Ürünümüz 12 farklı sektörde kullanılıyor ve kullanıcılarımızın %87'si ilk üç ay içinde ölçülebilir bir iyileşme raporladı.

Kurulum ortalama 6 hafta sürüyor. Bu süre sonunda ekipleriniz tamamen geçiş yapmış olur. Teknik ekiplerimiz geçiş boyunca sizinle çalışır ve gerekli eğitimleri verir.

Bir sonraki toplantıda, şirketinizin büyüme hedefleriyle uyumlu bir yol haritası çizmek için bir araya gelelim.
item tr-exec-1    executive  a=4.75 b=4.25 delta=-0.50 | default: fwd 5 vs 4, back 4 vs 5
    markers a=[] b=[]
    --- arm a ---
Yönetici Özeti - Üçüncü Çeyrek

Müşteri kayıp oranını azaltmak için bu çeyrekte başlattığımız çalışmalarda ilerleme kaydettik. Analizler, müşteri kayıplarının temel nedeninin onboarding sürecinin ilk iki haftasında yaşandığını gösteriyor.

Onboarding akışında yaptığımız değişikliklerle çeyrek sonunda kayıp oranı %6,1'den %4,4'e geriledi. Bu iyileşmenin kalıcı olup olmadığını görmek için en az iki çeyrek daha veriye ihtiyacımız var.

Satış ekibinin yeni fiyatlandırma modeline adaptasyonu beklenenden yavaş. Ekiplerin %40'ı yeni modeli henüz aktif kullanmıyor.

Önümüzdeki çeyrek için tek talebimiz, veri ekibinden bir kişinin altı ay boyunca bu işe tahsis edilmesi.
    --- arm b ---
Yönetici Özeti: Üçüncü Çeyrek

Bu çeyrekte müşteri kaybı oranını azaltmaya yönelik çalışmalarda önemli mesafe kat ettik. Analizler, kayıpların temel nedeninin onboarding sürecinin ilk iki haftasında yaşandığını gösteriyor.

Onboarding akışında önlem aldık ve yaptığımız değişiklikler sonucunda çeyrek sonunda kayıp oranı %6,1'den %4,4'e geriledi. Ancak bu iyileşmenin kalıcı olup olmadığını görmek için en az iki çeyrek daha veriye ihtiyaç var.

Satış ekibi yeni fiyatlandırma modeline beklenenden yavaş uyum sağlıyor. Ekiplerin %40'ı yeni modeli henüz aktif kullanmıyor.

Önümüzdeki çeyrek için veri ekibinden bir kişinin altı ay boyunca bu işe ayrılmasını talep ediyoruz.
item tr-exec-2    executive  a=5.00 b=4.50 delta=-0.50 | default: fwd 5 vs 4, back 5 vs 5
    markers a=[] b=[]
    --- arm a ---
Veri Merkezi Geçişi - Durum Notu

Eski sunucuların kapatılması planlanan takvimin gerisinde kaldı. Gecikmenin ana nedeni, veri tutarlılığı kontrollerinde çıkan beklenmedik hatalar.

Bugüne kadar 1.240 sunucunun 1.090'ı yeni ortama taşındı. Kalan sunucuların geçişi için 3 haftalık bir çalışma öngörülüyor. Yedekleme doğrulamaları s3://kavara-backups deposu üzerinden otomatik çalışıyor; p95 gecikme 120 ms'de sabit.

Kalan işlerin bir kısmının dışarıdan bir tarafla tamamlanması değerlendiriliyor. Bu seçeneğin maliyeti yaklaşık 4 milyon lira.

Onay verilirse geçiş 14 Kasım'da tamamlanacak.
    --- arm b ---
Veri Merkezi Geçişi: Durum Notu

Geçiş projesinde eski sunucuların kapatılması planlanan takvime göre gecikti. Gecikmenin ana nedeni, veri tutarlılığı kontrollerinde çıkan beklenmedik hatalar.

1.240 sunucunun 1.090'ı yeni ortama taşındı; geçiş büyük ölçüde gerçekleştirildi. Kalan sunucuların geçişi için 3 haftalık bir çalışma öngörülüyor. Yedekleme doğrulamaları s3://kavara-backups deposu üzerinden otomatik yapılıyor; p95 gecikme 120 ms'de sabit kaldı.

Kalan işlerin bir kısmının dışarıdan bir tarafla tamamlanması değerlendiriliyor. Bu seçeneğin maliyeti yaklaşık 4 milyon lira.

Onay verilirse geçiş 14 Kasım'da tamamlanacak.
item tr-dev-1     developer  a=4.75 b=4.00 delta=-0.75 | default: fwd 5 vs 5, back 4 vs 5
    markers a=[] b=[]
    --- arm a ---
Sürüm Notları - v2.1.3

Kuyruk yönetimine yeni bir mekanizma eklendi. retry_queue artık hata durumlarında yeniden deneme sayısını artırıyor.

handle_timeout, 30 saniyeden uzun süren istekleri otomatik olarak iptal ediyor. Bu değişiklik mevcut entegrasyonları etkileyebilir.

deploy_prod.sh betiği bu sürümden itibaren zorunlu. Eski betikler çalışmaya devam ediyor ama desteklenmiyor.

Bellek kullanımı bu sürümde %18 azaldı. Eşzamanlı 500 istek altında süreç 2.5 GB'a kadar çıkıyor.
    --- arm b ---
Sürüm Notları - v2.1.3

Kuyruk yönetiminde yeni bir mekanizma uygulandı. retry_queue fonksiyonu hata durumlarında yeniden deneme sayısını artırıyor.

Ayrıca handle_timeout fonksiyonu artık 30 saniyeden uzun süren istekleri otomatik iptal ediyor. Bu değişiklik bazı ekiplerin mevcut entegrasyonlarını etkileyebilir.

deploy_prod.sh betiği bu sürümden itibaren zorunlu. Eski betikler çalışmaya devam ediyor ama desteklenmiyor.

Bellek kullanımı %18 azaldı. Eşzamanlı 500 istek altında süreç 2.5 GB'a kadar çıkıyor.
item tr-dev-2     developer  a=5.00 b=4.75 delta=-0.25 | default: fwd 5 vs 5, back 4 vs 5
    markers a=[] b=[]
    --- arm a ---
Olay Özeti - 12 Eylül

Dün 14:20 civarında üretim ortamında 11 dakikalık bir kesinti yaşandı. Bu sürede API çağrılarının %62'si başarısız oldu.

İlk incelemelerde sorunun veritabanı bağlantı havuzunun tükenmesinden kaynaklandığı görüldü. Havuz boyutu geçici olarak artırıldı; servis normale döndü.

Kök neden analizinde, sürüm v2.1.2 ile gelen bir değişikliğin bağlantıları serbest bırakmadığı tespit edildi. Bu bağlantılar src/db/pool.py dosyasındaki bir hata nedeniyle açık kalıyor.

İzleme tarafında da bir eksiklik var. Havuz doluluk oranı için uyarı eşiği tanımlanmamış. Bu eksikliği gidermek için bir görev açıldı; sorumlusu platform ekibi.
    --- arm b ---
Olay Özeti - 12 Eylül

Dün saat 14:20 civarında üretim ortamında kısa süreli bir kesinti yaşandı. Kesinti toplam 11 dakika sürdü ve bu süre boyunca API çağrılarının %62'si başarısız oldu.

İlk incelemeler sorunun kaynağının veritabanı bağlantı havuzunun tükenmesi olduğunu gösterdi. Bunun üzerine havuz boyutu geçici olarak artırıldı ve servis normale döndü.

Kök neden analizi sürüm v2.1.2 ile gelen bir değişikliğin bağlantıları serbest bırakmadığını belirledi. Bu bağlantılar src/db/pool.py dosyasındaki bir hata nedeniyle açık kalıyor.

İzleme tarafında da bir eksik var. Havuz doluluk oranı için uyarı eşiği tanımlanmamış. Bu eksikliği gidermek için bir görev açıldı; sorumlusu platform ekibi.

=== SUMMARY ===
{
 "track": "h1",
 "lang": "tr",
 "n_items": 6,
 "delta_mean": -0.5833333333333334,
 "ci95": [
  -0.7083333333333334,
  -0.4166666666666667
 ],
 "marker_density_a": 0.0,
 "marker_density_b": 0.0,
 "per_item": [
  {
   "id": "tr-sales-1",
   "delta": -0.75
  },
  {
   "id": "tr-sales-2",
   "delta": -0.75
  },
  {
   "id": "tr-exec-1",
   "delta": -0.5
  },
  {
   "id": "tr-exec-2",
   "delta": -0.5
  },
  {
   "id": "tr-dev-1",
   "delta": -0.75
  },
  {
   "id": "tr-dev-2",
   "delta": -0.25
  }
 ]
}
TEZGAH_RESULTS {"track": "h1", "lang": "tr", "n_items": 6, "delta_mean": -0.5833333333333334, "ci95": [-0.7083333333333334, -0.4166666666666667], "marker_density_a": 0.0, "marker_density_b": 0.0, "per_item": [{"id": "tr-sales-1", "delta": -0.75}, {"id": "tr-sales-2", "delta": -0.75}, {"id": "tr-exec-1", "delta": -0.5}, {"id": "tr-exec-2", "delta": -0.5}, {"id": "tr-dev-1", "delta": -0.75}, {"id": "tr-dev-2", "delta": -0.25}]}
