$ python3 harness/run.py --track h1
transport=host generator=slow judges=default,smol

config: track=h1 transport=host generator=slow judges=default,smol items=6
contract bytes=10323, rail keep=13 translate=7
item tr-sales-1   sales      a=4.75 b=3.25 delta=-1.50 | default: fwd 5 vs 4, back 3 vs 5
    markers a=[] b=[]
    --- arm a ---
Merhaba Elif Hanım,

Bugünkü demo için tekrar teşekkür ederiz. Görüşmemizde ürünümüzün sağladığı faydaları konuştuk. Sizin de belirttiğiniz gibi entegrasyonda bazı iyileştirmeler gerekebilir. Bir sonraki adımda ekip arkadaşlarımıza teknik bir toplantı düzenlemek istiyoruz.

Müşterilerimizden biri kısa süre önce benzer bir geçiş sürecini tamamladı; sonuçlar olumlu oldu. Deneyimlerini sizinle paylaşabiliriz.

Teslim tarihinde esneklik sağlayabiliriz. Cuma gününe kadar dönüş yaparsanız, Q4 kapanışına yetişebiliriz.

Sevgiler,
Deniz
    --- arm b ---
Merhaba Elif Hanım,

Bugünkü demo için tekrar teşekkür ederiz. Görüşmemizde ürünümüzün sağladığı faydalardan bahsettik; sizin de belirttiğiniz gibi entegrasyonda bazı iyileştirmeler olabilir. Bu nedenle bir sonraki adım olarak ekip arkadaşlarımıza teknik bir toplantı düzenlemek istiyoruz.

Mevcut müşterilerimizden biri kısa süre önce benzer bir geçiş sürecini tamamladı ve sonuçlar oldukça olumluydu. Bu müşterinin deneyimini de paylaşabiliriz.

Deadline konusunda esnek olabiliriz. Cuma gününe kadar geri dönüş yaparsanız, Q4 kapanışına yetişebiliriz.

Sevgiler,
Deniz
item tr-sales-2   sales      a=4.50 b=4.25 delta=-0.25 | default: fwd 4 vs 5, back 3 vs 5
    markers a=[] b=[]
    --- arm a ---
Kavara, operasyon ekiplerinin manuel iş yükünü azaltan bir platformdur. Sistem görevleri otomatik dağıtır ve ekip performansını ölçer.

12 farklı sektördeki ekipler ürünümüzü kullanıyor. Kullanıcılarımızın %87'si ilk üç ayda ölçülebilir iyileşme bildirdi.

Kurulum ortalama 6 hafta sürer. Bu sürenin sonunda ekipleriniz geçişi tamamlar. Teknik ekiplerimiz geçiş boyunca sizinle çalışır ve eğitim verir.

Bir sonraki toplantıda şirketinizin büyüme hedeflerine uygun bir yol haritası çizebiliriz.
    --- arm b ---
Kavara, operasyon ekiplerinin manuel iş yükünü azaltmak için geliştirdiğimiz platformdur. Sistem görevleri otomatik dağıtır ve ekip performansını ölçer.

Kavara'yı 12 farklı sektördeki ekipler kullanıyor. Kullanıcılarımızın %87'si ilk üç ay içinde ölçülebilir bir iyileşme raporladı.

Kurulum ortalama 6 hafta sürer ve ekipleriniz bu sürede tamamen geçiş yapar. Teknik ekiplerimiz geçiş boyunca sizinle çalışır ve eğitim verir.

Şirketinizin büyüme hedeflerine uygun bir yol haritası için bir sonraki toplantıda bir araya gelelim.
item tr-exec-1    executive  a=4.25 b=4.75 delta=+0.50 | default: fwd 4 vs 5, back 5 vs 4
    markers a=['mektedir', 'maktadır', 'gerekir ki', 'aksiyon al', 'belirtmek gerek'] b=[]
    --- arm a ---
Yönetici Özeti - Üçüncü Çeyrek

Analizler, müşteri kayıplarının temel nedeninin onboarding sürecinin ilk iki haftasında yaşandığını göstermektedir.

Onboarding akışındaki değişikliklerle çeyrek sonunda kayıp oranı %6,1'den %4,4'e gerilemiştir. Ancak iyileşmenin kalıcı olup olmadığını görmek için en az iki çeyrek daha veri gerekiyor.

Satış ekibinin yeni fiyatlandırma modeline uyumu beklenenden yavaştır. Ekiplerin %40'ı yeni modeli henüz aktif kullanmamaktadır.

Önümüzdeki çeyrek için veri ekibinden bir kişiyi altı ay bu işe tahsis etmenizi talep ediyoruz.

**What changed**
- "Bu çeyrekte... önemli mesafeler kat edilmiştir" girişini ve "Bu bağlamda", "Ancak belirtmek gerekir ki", "Diğer taraftan" gibi dolgu ifadelerini kaldırdım.
- Edilgen/zayıf yapıları sadeleştirdim: "aksiyon alınması ve yapılan değişiklikler neticesinde" yerine "değişikliklerle"; "adaptasyonu" yerine "uyumu".
- Son talebi etken ve doğrudan yaptım: "bir kişinin ... tahsis edilmesidir" yerine "bir kişiyi ... tahsis etmenizi talep ediyoruz".
- Verileri ve belirsizlik uyarısını korudum.
    --- arm b ---
Yönetici Özeti - Üçüncü Çeyrek

Bu çeyrekte müşteri kaybı oranını azaltmak için başlattığımız çalışmalarda önemli yol aldık. Analizler, kayıpların ana nedeninin onboarding sürecinin ilk iki haftasında ortaya çıktığını gösteriyor.

Onboarding akışını değiştirip önlem aldık; çeyrek sonunda müşteri kaybı oranı %6,1'den %4,4'e geriledi. Ancak iyileşmenin kalıcı olup olmadığını görmek için en az iki çeyrek daha veriye ihtiyacımız var.

Diğer taraftan, satış ekibinin yeni fiyatlandırma modeline uyum süreci beklenenden yavaş ilerliyor. Ekiplerin %40'ı yeni modeli henüz aktif kullanmıyor.

Önümüzdeki çeyrek için tek talebimiz, veri ekibinden bir kişiyi altı ay boyunca bu işe ayırmanız.
item tr-exec-2    executive  a=4.25 b=5.00 delta=+0.75 | default: fwd 5 vs 5, back 5 vs 4
    markers a=[] b=[]
    --- arm a ---
Veri Merkezi Geçişi - Durum Notu

Eski sunucuların kapatılması planlanan takvimin gerisinde kaldı. Veri tutarlılığı kontrollerinde çıkan beklenmedik hatalar gecikmeye yol açtı.

Bugüne kadar 1.240 sunucunun 1.090'ı yeni ortama taşındı. Kalan sunucuların geçişi için 3 hafta öngörüyoruz. Yedekleme doğrulamaları s3://kavara-backups deposu üzerinden otomatik çalışıyor; p95 gecikme 120 ms'de sabit.

Kalan işlerin bir kısmını dışarıdan bir tarafla tamamlamayı değerlendiriyoruz. Bu seçeneğin maliyeti yaklaşık 4 milyon lira.

Onay verilirse geçiş 14 Kasım'da tamamlanır.
    --- arm b ---
Veri Merkezi Geçişi: Durum Notu

Geçiş projesinde eski sunucuların kapatılması planlanan takvimin gerisinde kaldı. Gecikmenin ana nedeni, veri tutarlılığı kontrollerinde ortaya çıkan beklenmedik hatalar.

Bugüne kadar 1.240 sunucunun 1.090'ı yeni ortama taşındı; geçiş büyük ölçüde tamamlandı. Kalan sunucuların geçişi için 3 haftalık çalışma öngörülüyor. Yedekleme doğrulamaları s3://kavara-backups deposu üzerinden otomatik yapılıyor; p95 gecikme 120 ms'de sabit kaldı.

Kalan işlerin bir kısmını üçüncü tarafla tamamlamayı değerlendiriyoruz. Bu seçeneğin maliyeti yaklaşık 4 milyon lira.

Onay verilirse geçiş 14 Kasım'da tamamlanacak.
item tr-dev-1     developer  a=4.75 b=4.50 delta=-0.25 | default: fwd 4 vs 5, back 4 vs 5
    markers a=[] b=[]
    --- arm a ---
Sürüm Notları - v2.1.3

Kuyruk yönetiminde değişiklik yaptık: retry_queue artık hata durumunda yeniden deneme sayısını artırıyor.

handle_timeout artık 30 saniyeden uzun süren istekleri otomatik iptal ediyor. Bu değişiklik bazı ekiplerin mevcut entegrasyonlarını etkileyebilir.

deploy_prod.sh bu sürümden itibaren zorunlu. Eski betikler çalışmaya devam ediyor ama desteklenmiyor.

Bellek kullanımı bu sürümde %18 azaldı. Eşzamanlı 500 istek altında süreç 2.5 GB'a kadar çıkıyor.
    --- arm b ---
Sürüm Notları - v2.1.3

Bu sürümde kuyruk yönetimi değişti ve yeni mekanizma devreye girdi. retry_queue artık hata durumlarında yeniden deneme sayısını artırıyor.

handle_timeout artık 30 saniyeden uzun süren istekleri otomatik olarak iptal ediyor. Bu değişiklik bazı ekiplerin mevcut entegrasyonlarını etkileyebilir.

deploy_prod.sh betiğinin kullanımı bu sürümden itibaren zorunlu. Eski betikler çalışmaya devam ediyor ama artık desteklenmiyor.

Bellek kullanımı bu sürümde %18 azaldı. Eşzamanlı 500 istek altında süreç 2.5 GB'a kadar çıkıyor.
item tr-dev-2     developer  a=5.00 b=5.00 delta=+0.00 | default: fwd 5 vs 5, back 5 vs 5
    markers a=['mektedir', 'söz konusu', 'gerekir ki', 'belirtmek gerek'] b=[]
    --- arm a ---
Olay Özeti - 12 Eylül

Dün 14:20 civarında üretim ortamında kısa süreli bir kesinti yaşandı. Kesinti 11 dakika sürdü ve bu süre boyunca API çağrılarının %62'si başarısız oldu.

İlk inceleme, sorunun kaynağının veritabanı bağlantı havuzunun tükenmesi olduğunu gösterdi. Havuz boyutu geçici olarak artırıldı ve servis normale döndü.

Kök neden, v2.1.2 ile gelen bir değişikliğin bağlantıları serbest bırakmamasıydı. Bağlantılar, src/db/pool.py dosyasındaki bir hata nedeniyle açık kalıyordu.

İzleme tarafında da bir eksik var. Havuz doluluk oranı için uyarı eşiği tanımlanmamış. Bu eksikliği gidermek için platform ekibine bir görev açıldı.

**What changed**
- Ağır pasif ve formal yapıları sadeleştirdim: "yaşanmıştır", "sürmüştür", "göstermektedir", "tespit edilmiştir".
- Dolgu ifadeleri kaldırdım: "Ayrıca belirtmek gerekir ki", "söz konusudur", "Bunun üzerine".
- Son cümleyi doğrudan kurdum: "Bu eksikliği gidermek için platform ekibine bir görev açıldı."
- Gereksiz tekrarları ve ağır isim tamlamalarını azalttım; anlamı değiştirmedim.
    --- arm b ---
Olay Özeti - 12 Eylül

Dün 14:20 civarında üretim ortamında bir kesinti yaşandı. Kesinti 11 dakika sürdü ve bu süre boyunca API çağrılarının %62'si başarısız oldu.

İlk incelemeler sorunun kaynağının veritabanı bağlantı havuzunun tükenmesi olduğunu gösterdi. Havuz boyutu geçici olarak artırıldı ve servis normale döndü.

Kök neden analizi, v2.1.2 sürümüyle gelen bir değişikliğin bağlantıları serbest bırakmadığını gösterdi. Bu bağlantılar src/db/pool.py dosyasındaki bir hata nedeniyle açık kalıyor.

İzlemede de bir eksiklik var. Havuz doluluk oranı için uyarı eşiği tanımlanmamış. Bu eksikliği gidermek için bir görev açıldı. Görevin sorumlusu platform ekibi.

=== SUMMARY ===
{
 "track": "h1",
 "lang": "tr",
 "n_items": 6,
 "delta_mean": -0.125,
 "ci95": [
  -0.7083333333333334,
  0.4166666666666667
 ],
 "marker_density_a": 1.078945564239682,
 "marker_density_b": 0.0,
 "per_item": [
  {
   "id": "tr-sales-1",
   "delta": -1.5
  },
  {
   "id": "tr-sales-2",
   "delta": -0.25
  },
  {
   "id": "tr-exec-1",
   "delta": 0.5
  },
  {
   "id": "tr-exec-2",
   "delta": 0.75
  },
  {
   "id": "tr-dev-1",
   "delta": -0.25
  },
  {
   "id": "tr-dev-2",
   "delta": 0.0
  }
 ]
}
TEZGAH_RESULTS {"track": "h1", "lang": "tr", "n_items": 6, "delta_mean": -0.125, "ci95": [-0.7083333333333334, 0.4166666666666667], "marker_density_a": 1.078945564239682, "marker_density_b": 0.0, "per_item": [{"id": "tr-sales-1", "delta": -1.5}, {"id": "tr-sales-2", "delta": -0.25}, {"id": "tr-exec-1", "delta": 0.5}, {"id": "tr-exec-2", "delta": 0.75}, {"id": "tr-dev-1", "delta": -0.25}, {"id": "tr-dev-2", "delta": 0.0}]}
