$ python3 harness/run.py --track h3
transport=host generator=slow judges=default,smol

config: track=h3 transport=host generator=slow judges=default,smol items=6
contract bytes=10323, rail keep=13 translate=7
item tr-sales-1   b=2 a=2 equal=0 share_b=0.50
    --- arm a ---
Merhaba Elif Hanım,

Bugünkü demo için tekrar teşekkür ederiz. Görüşmemizde ürünümüzün faydalarını konuştuk. Sizin de belirttiğiniz gibi entegrasyonda bazı iyileştirmeler yapabiliriz. Sonraki adımda ekip arkadaşlarımızla teknik bir toplantı düzenlemek istiyoruz.

Bir müşterimiz kısa süre önce benzer bir geçişi tamamladı ve sonuçlar olumlu oldu. Deneyimlerini de paylaşabiliriz.

Teslim tarihini esnetebiliriz. Cuma gününe kadar dönüş yaparsanız Q4 kapanışına yetişebiliriz.

Sevgiler,
Deniz
    --- arm b ---
Merhaba Elif Hanım,

Bugünkü demo için teşekkür ederiz. Görüşmede entegrasyonda iyileştirme gerektiğini siz de söylediniz. Bir sonraki adım olarak teknik bir toplantı organize etmek istiyoruz.

Mevcut müşterilerimizden biri kısa süre önce benzer bir geçiş sürecini tamamladı. Deneyimlerini paylaşabiliriz.

Deadline'da esneklik sağlayabiliriz. Cuma gününe kadar dönüş yaparsanız Q4 kapanışına yetişiriz.

Sevgiler,
Deniz
item tr-sales-2   b=2 a=2 equal=0 share_b=0.50
    --- arm a ---
Kavara, operasyon ekiplerinin manuel iş yükünü azaltan bir platformdur. Görevleri otomatik dağıtır ve ekip performansını ölçer.

Kavara'yı 12 sektördeki ekipler kullanıyor ve kullanıcılarımızın %87'si ilk üç ayda ölçülebilir iyileşme bildirdi.

Ekipleriniz ortalama 6 hafta içinde geçişi tamamlar. Teknik ekiplerimiz geçiş boyunca sizinle çalışır ve eğitimleri verir.

Bir sonraki toplantıda şirketinizin büyüme hedeflerine uygun bir yol haritası çıkaralım.
    --- arm b ---
Kavara, operasyon ekiplerinin manuel iş yükünü azaltan bir platform. Görevleri otomatik dağıtır ve ekiplerin performansını ölçer.

Ürünümüz 12 farklı sektörde kullanılıyor. Kullanıcılarımızın %87'si ilk üç ay içinde ölçülebilir bir iyileşme bildirdi.

Kurulum ortalama 6 hafta sürüyor. Teknik ekiplerimiz geçiş boyunca sizinle çalışır ve eğitimleri verir.

Bir sonraki toplantıda şirketinizin büyüme hedeflerine uygun bir yol haritası çizelim.
item tr-exec-1    b=3 a=1 equal=0 share_b=0.75
    --- arm a ---
Yönetici Özeti - Üçüncü Çeyrek

Bu çeyrekte müşteri kaybını azaltmak için yürüttüğümüz çalışmalarda ilerleme kaydettik. Analizler, kayıpların ana nedeninin onboarding sürecinin ilk iki haftası olduğunu gösteriyor.

Onboarding akışında yaptığımız değişikliklerle çeyrek sonunda kayıp oranı %6,1'den %4,4'e düştü. İyileşmenin kalıcı olup olmadığını görmek için en az iki çeyrek daha veriye ihtiyacımız var.

Satış ekibi yeni fiyatlandırma modeline beklediğimizden yavaş uyum sağlıyor. Ekiplerin %40'ı modeli henüz aktif kullanmıyor.

Önümüzdeki çeyrek için veri ekibinden bir kişiyi altı ay boyunca bu işe tahsis etmelerini istiyoruz.
    --- arm b ---
Yönetici Özeti - Üçüncü Çeyrek

Bu çeyrekte müşteri kaybını azaltmak için onboarding akışında değişiklik yaptık. Analizler, kayıpların ana nedeninin onboarding'in ilk iki haftası olduğunu gösteriyor.

Çeyrek sonunda müşteri kayıp oranı %6,1'den %4,4'e düştü. İyileşmenin kalıcı olduğunu görmek için en az iki çeyrek daha veri gerekiyor.

Satış ekibi yeni fiyatlandırma modeline beklediğimizden yavaş adapte oldu. Satış ekiplerinin %40'ı yeni modeli henüz aktif kullanmıyor.

Önümüzdeki çeyrek için veri ekibinden bir kişiyi altı ay boyunca bu işe ayırmanızı istiyoruz.
item tr-exec-2    b=3 a=1 equal=0 share_b=0.75
    --- arm a ---
Veri Merkezi Geçişi - Durum Notu

Eski sunucuların kapatılması çalışmaları planlanan takvime göre bir miktar gecikti. Gecikmenin ana nedeni veri tutarlılığı kontrollerinde çıkan beklenmedik hatalar.

Bugüne kadar 1.240 sunucunun 1.090'ı yeni ortama taşındı. Geçiş büyük ölçüde tamamlandı; kalan sunucular için 3 haftalık çalışma öngörülüyor. Yedekleme doğrulamaları s3://kavara-backups deposu üzerinden otomatik yapılıyor; p95 gecikme 120 ms'de sabit kaldı.

Kalan işlerin bir kısmını dışarıdan bir tarafla tamamlamayı değerlendiriyoruz. Bu seçeneğin maliyeti yaklaşık 4 milyon lira.

Onay verilirse geçiş 14 Kasım'da tamamlanacak.
    --- arm b ---
Veri Merkezi Geçişi - Durum Notu

Eski sunucuları kapatmada planlanan takvimin gerisinde kaldık. Gecikmeye en çok veri tutarlılığı kontrollerinde çıkan beklenmedik hatalar neden oldu.

1.240 sunucunun 1.090'ını yeni ortama taşıdık. Kalan sunucular için 3 hafta öngörüyoruz. Yedekleme doğrulamalarını s3://kavara-backups deposu üzerinden otomatik yapıyoruz; p95 gecikme 120 ms'de sabit kaldı.

Kalan işlerin bir kısmını üçüncü bir tarafla tamamlamayı değerlendiriyoruz. Bu seçeneğin maliyeti yaklaşık 4 milyon lira.

Onay verirseniz geçişi 14 Kasım'da tamamlarız.
item tr-dev-1     b=2 a=2 equal=0 share_b=0.50
    --- arm a ---
Sürüm Notları - v2.1.3

Kuyruk yönetiminde yeni bir mekanizma devreye aldık. Artık retry_queue hata durumlarında daha fazla yeniden deneme yapıyor.

handle_timeout artık 30 saniyeden uzun süren istekleri otomatik iptal ediyor. Bu değişiklik bazı ekiplerin mevcut entegrasyonlarını etkileyebilir.

Bu sürümden itibaren deploy_prod.sh betiğini kullanmanız gerekiyor. Eski betikler çalışmaya devam ediyor ama desteklenmiyor.

Bellek kullanımı bu sürümde %18 azaldı. Eşzamanlı 500 istek altında süreç 2.5 GB'a kadar çıkıyor.
    --- arm b ---
Sürüm Notları - v2.1.3

Kuyruk yönetimine yeni bir mekanizma ekledik. retry_queue artık hata durumlarında yeniden deneme sayısını artırıyor.

handle_timeout artık 30 saniyeden uzun süren istekleri otomatik iptal ediyor. Bu değişiklik bazı ekiplerin mevcut entegrasyonlarını etkileyebilir.

Bu sürümden itibaren deploy_prod.sh zorunlu. Eski betikler çalışmaya devam ediyor ama desteklenmiyor.

Bellek kullanımı %18 azaldı. 500 eşzamanlı istek altında süreç 2.5 GB'a çıkıyor.
item tr-dev-2     b=4 a=0 equal=0 share_b=1.00
    --- arm a ---
Olay Özeti - 12 Eylül

Dün saat 14:20 civarında üretim ortamında 11 dakikalık bir kesinti yaşandı. Bu sürede API çağrılarının %62'si başarısız oldu.

İlk incelemeler sorunun kaynağının veritabanı bağlantı havuzunun tükenmesi olduğunu gösterdi. Havuz boyutu geçici olarak artırıldı ve servis normale döndü.

Kök neden analizinde, v2.1.2 ile gelen bir değişikliğin bağlantıları serbest bırakmadığı tespit edildi. Bağlantılar src/db/pool.py dosyasındaki bir hata nedeniyle açık kalıyor.

İzleme tarafında da bir eksiklik var. Havuz doluluk oranı için uyarı eşiği tanımlanmamış. Bu eksikliği gidermek için bir görev açıldı. Görevin sorumlusu platform ekibi.
    --- arm b ---
Olay Özeti - 12 Eylül

Dün 14:20 civarında üretim ortamında 11 dakikalık bir kesinti oldu. Bu sürede API çağrılarının %62'si başarısız oldu.

İlk inceleme, sorunun kaynağını veritabanı bağlantı havuzunun tükenmesi olarak gösterdi. Havuz boyutunu geçici olarak artırdık ve servis normale döndü.

Kök neden analizi, v2.1.2 ile gelen bir değişikliğin bağlantıları serbest bırakmadığını gösterdi. Bağlantılar src/db/pool.py dosyasındaki bir hata yüzünden açık kalıyor.

İzlemede de eksik var. Havuz doluluk oranı için uyarı eşiği tanımlı değil. Platform ekibi bu eksiği gidermek için bir görev açtı.

=== SUMMARY ===
{
 "track": "h3",
 "n_items": 6,
 "share_b": 0.6666666666666666,
 "per_item": [
  {
   "id": "tr-sales-1",
   "share_b": 0.5
  },
  {
   "id": "tr-sales-2",
   "share_b": 0.5
  },
  {
   "id": "tr-exec-1",
   "share_b": 0.75
  },
  {
   "id": "tr-exec-2",
   "share_b": 0.75
  },
  {
   "id": "tr-dev-1",
   "share_b": 0.5
  },
  {
   "id": "tr-dev-2",
   "share_b": 1.0
  }
 ]
}
TEZGAH_RESULTS {"track": "h3", "n_items": 6, "share_b": 0.6666666666666666, "per_item": [{"id": "tr-sales-1", "share_b": 0.5}, {"id": "tr-sales-2", "share_b": 0.5}, {"id": "tr-exec-1", "share_b": 0.75}, {"id": "tr-exec-2", "share_b": 0.75}, {"id": "tr-dev-1", "share_b": 0.5}, {"id": "tr-dev-2", "share_b": 1.0}]}
