$ python3 harness/run.py --track h4
transport=host generator=slow judges=default,smol

config: track=h4 transport=host generator=slow judges=default,smol items=6
contract bytes=10323, rail keep=13 translate=7
item tr-sales-1   points a=100 b=0 | per1000 a=1587.30 b=0.00 | clarity a=4.00 b=5.00
    a: register keep term 'Deadline' translated (+100)
    b: 
item tr-sales-2   points a=0 b=0 | per1000 a=0.00 b=0.00 | clarity a=5.00 b=4.50
item tr-exec-1    points a=0 b=0 | per1000 a=0.00 b=0.00 | clarity a=4.00 b=4.50
item tr-exec-2    points a=0 b=0 | per1000 a=0.00 b=0.00 | clarity a=5.00 b=5.00
item tr-dev-1     points a=0 b=0 | per1000 a=0.00 b=0.00 | clarity a=4.50 b=4.00
item tr-dev-2     points a=1 b=0 | per1000 a=11.36 b=0.00 | clarity a=5.00 b=5.00
    a: lost keep term 'API' (+1)
    b: 

=== SUMMARY ===
{
 "track": "h4",
 "n_items": 6,
 "per1000_a": 266.44420394420393,
 "per1000_b": 0.0,
 "clarity_a": 4.583333333333333,
 "clarity_b": 4.666666666666667,
 "per_item": [
  {
   "id": "tr-sales-1",
   "register": "sales",
   "points_a": 100,
   "points_b": 0,
   "per1000_a": 1587.3015873015872,
   "per1000_b": 0.0,
   "clarity_a": 4.0,
   "clarity_b": 5.0,
   "detail_a": [
    "register keep term 'Deadline' translated (+100)"
   ],
   "detail_b": []
  },
  {
   "id": "tr-sales-2",
   "register": "sales",
   "points_a": 0,
   "points_b": 0,
   "per1000_a": 0.0,
   "per1000_b": 0.0,
   "clarity_a": 5.0,
   "clarity_b": 4.5,
   "detail_a": [],
   "detail_b": []
  },
  {
   "id": "tr-exec-1",
   "register": "executive",
   "points_a": 0,
   "points_b": 0,
   "per1000_a": 0.0,
   "per1000_b": 0.0,
   "clarity_a": 4.0,
   "clarity_b": 4.5,
   "detail_a": [],
   "detail_b": []
  },
  {
   "id": "tr-exec-2",
   "register": "executive",
   "points_a": 0,
   "points_b": 0,
   "per1000_a": 0.0,
   "per1000_b": 0.0,
   "clarity_a": 5.0,
   "clarity_b": 5.0,
   "detail_a": [],
   "detail_b": []
  },
  {
   "id": "tr-dev-1",
   "register": "developer",
   "points_a": 0,
   "points_b": 0,
   "per1000_a": 0.0,
   "per1000_b": 0.0,
   "clarity_a": 4.5,
   "clarity_b": 4.0,
   "detail_a": [],
   "detail_b": []
  },
  {
   "id": "tr-dev-2",
   "register": "developer",
   "points_a": 1,
   "points_b": 0,
   "per1000_a": 11.363636363636363,
   "per1000_b": 0.0,
   "clarity_a": 5.0,
   "clarity_b": 5.0,
   "detail_a": [
    "lost keep term 'API' (+1)"
   ],
   "detail_b": []
  }
 ]
}
TEZGAH_RESULTS {"track": "h4", "n_items": 6, "per1000_a": 266.44420394420393, "per1000_b": 0.0, "clarity_a": 4.583333333333333, "clarity_b": 4.666666666666667, "per_item": [{"id": "tr-sales-1", "register": "sales", "points_a": 100, "points_b": 0, "per1000_a": 1587.3015873015872, "per1000_b": 0.0, "clarity_a": 4.0, "clarity_b": 5.0, "detail_a": ["register keep term 'Deadline' translated (+100)"], "detail_b": []}, {"id": "tr-sales-2", "register": "sales", "points_a": 0, "points_b": 0, "per1000_a": 0.0, "per1000_b": 0.0, "clarity_a": 5.0, "clarity_b": 4.5, "detail_a": [], "detail_b": []}, {"id": "tr-exec-1", "register": "executive", "points_a": 0, "points_b": 0, "per1000_a": 0.0, "per1000_b": 0.0, "clarity_a": 4.0, "clarity_b": 4.5, "detail_a": [], "detail_b": []}, {"id": "tr-exec-2", "register": "executive", "points_a": 0, "points_b": 0, "per1000_a": 0.0, "per1000_b": 0.0, "clarity_a": 5.0, "clarity_b": 5.0, "detail_a": [], "detail_b": []}, {"id": "tr-dev-1", "register": "developer", "points_a": 0, "points_b": 0, "per1000_a": 0.0, "per1000_b": 0.0, "clarity_a": 4.5, "clarity_b": 4.0, "detail_a": [], "detail_b": []}, {"id": "tr-dev-2", "register": "developer", "points_a": 1, "points_b": 0, "per1000_a": 11.363636363636363, "per1000_b": 0.0, "clarity_a": 5.0, "clarity_b": 5.0, "detail_a": ["lost keep term 'API' (+1)"], "detail_b": []}]}
