$ python3 harness/run.py --track h2
transport=host generator=slow judges=default,smol

config: track=h2 transport=host generator=slow judges=default,smol items=6
contract bytes=10323, rail keep=13 translate=7
item tr-sales-1   sales      a=1.75 b=3.75 delta=+2.00
    --- arm a ---
Merhaba Elif Hanım,

Bugünkü demo için teşekkür ederiz. Demo sırasında sizin de belirttiğiniz gibi entegrasyonda bazı iyileştirmeler konuşmuştuk. Bir sonraki adım olarak ekip arkadaşlarımızla teknik bir toplantı düzenlemek istiyoruz.

Bir müşterimiz kısa süre önce benzer bir geçişi tamamladı; sonuçlar olumlu. Dilerseniz deneyimlerini paylaşabiliriz.

Son tarihte esneklik sağlayabiliriz. Cuma gününe kadar dönüş yaparsanız, Q4 kapanışına yetişebiliriz.

Sevgiler,
Deniz
    --- arm b ---
Merhaba Elif Hanım,

Bugünkü demo için teşekkürler.

Entegrasyonu gözden geçirmek için [toplantı günü] teknik bir toplantı kuralım. Cuma gününe kadar dönüş yaparsanız Q4 kapanışına yetişiriz; teslim tarihinde esneklik sağlayabiliriz.

Yakın zamanda benzer bir geçişi tamamlayan bir müşterimiz var. [Müşteri sonucu.] İsterseniz onlarla bir görüşme ayarlayabilirim.

Sevgiler,
Deniz

**What changed**
- Ask moved to the top, before the justification. The meeting request and the Friday reply deadline are now one ask.
- Cut the demo recap and the vague "entegrasyon tarafında birtakım iyileştirmeler söz konusu olabilir"; the technical meeting now carries that point.
- Cut throat-clearing: "Ayrıca belirtmek gerekir ki," "Bu bağlamda," and the weak "düşünüyoruz" constructions.
- "Deadline tarafında bir esneklik sağlayabileceğimizi düşünüyoruz" → "teslim tarihinde esneklik sağlayabiliriz."
- The customer reference kept its slot but no number exists in the draft. I did not invent one: fill in [müşteri sonucu] with the specific result, and [toplantı günü] with the proposed date. The reader wants both.
- Kept "Sevgiler" and the direct tone. 56 words, down from 108.
item tr-sales-2   sales      a=1.75 b=4.50 delta=+2.75
    --- arm a ---
Kavara, operasyon ekiplerinin manuel iş yükünü azaltan bir platform. Görevleri otomatik dağıtıyor ve ekiplerin performansını ölçüyor.

Ürünümüz 12 sektörde kullanılıyor ve kullanıcılarımızın %87'si ilk üç ay içinde ölçülebilir bir iyileşme bildirdi.

Kurulum ortalama 6 hafta sürüyor; ekipleriniz bu süre içinde tamamen geçiş yapmış oluyor. Teknik ekibimiz geçiş boyunca sizinle çalışıyor ve gerekli eğitimleri veriyor.

Bir sonraki toplantıda, şirketinizin büyüme hedeflerine uygun bir yol haritası çizmek için bir araya gelelim.

**What changed**
- "geliştirilmiş bir platformdur" → "azaltan bir platform": daha doğrudan.
- "sağlamakta ve ölçmektedir" → "dağıtıyor ve ölçüyor": ağır fiil kalıpları sadeleşti.
- "Bu rakam, çözümün gerçek dünyada karşılık bulduğunu göstermektedir." cümlesi çıkarıldı; %87 rakamı zaten kendi başına konuşuyor.
- "vizyoner yaklaşımı sayesinde" ve "oldukça hızlıdır" gibi soyut övgüler kesildi; yerine somut "ortalama 6 hafta" kaldı.
- "faydalı olacaktır" yerine doğrudan çağrı: "bir araya gelelim".
    --- arm b ---
Bir sonraki toplantıda büyüme hedeflerinize uygun yol haritasını konuşalım. [tarih] uygun mu?

Kavara manuel iş yükünü azaltır; görevleri otomatik dağıtır ve ekip performansını ölçer. Kavara 12 sektörde kullanılıyor. Kullanıcılarımızın %87'si ilk üç ayda ölçülebilir iyileşme bildirdi. Kurulum ortalama 6 hafta. Teknik ekibimiz geçiş boyunca yanınızda olur ve eğitimleri verir.

**What changed**
- Talebi ilk satıra taşıdım; tarih için yer tutucu ekledim çünkü taslakta tarih yoktu.
- Ürün kategorisi anlatımını, şişirme cümlelerini ve gereksiz sıfatları kestim.
- Pasif ve dolaylı fiilleri sadeleştirdim; sayıları ve sonraki adımı öne çıkardım.
- Metni 150 kelimenin altına indirdim.
item tr-exec-1    executive  a=2.25 b=4.75 delta=+2.50
    --- arm a ---
Yönetici Özeti: Üçüncü Çeyrek

Analiz, kayıpların temel nedeninin onboarding sürecinin ilk iki haftası olduğunu gösterdi. Onboarding akışında yaptığımız değişikliklerle müşteri kayıp oranı çeyrek sonunda %6,1'den %4,4'e düştü. İyileşmenin kalıcı olup olmadığını görmek için en az iki çeyrek daha veri gerekiyor.

Satış ekibinin yeni fiyatlandırma modeline geçişi beklenenden yavaş. Ekiplerin %40'ı modeli henüz aktif kullanmıyor.

Önümüzdeki çeyrek için veri ekibinden bir kişinin altı ay boyunca bu çalışmaya ayrılmasını talep ediyoruz.
    --- arm b ---
Üçüncü Çeyrek

Veri ekibinden bir kişinin altı ay boyunca kayıp oranı takibine tahsis edilmesini talep ediyoruz. Kaynak verilmezse iyileşmenin kalıcı olup olmadığını doğrulayamayız.

Müşteri kayıp oranı çeyrek sonunda %6,1'den %4,4'e geriledi. Kayıplar müşteri başlangıç sürecinin ilk iki haftasında yoğunlaşıyor. İyileşmenin kalıcı olduğunu görmek için en az iki çeyrek daha veri gerekiyor.

Satış ekibinin yeni fiyatlandırma modeline uyumu yavaş. Ekiplerin %40'ı yeni modeli henüz aktif kullanmıyor.
item tr-exec-2    executive  a=2.00 b=4.75 delta=+2.75
    --- arm a ---
Veri Merkezi Geçişi - Durum Notu

Eski sunucuları kapatma çalışmaları planlanan takvimin gerisinde kaldı. Gecikmenin ana nedeni, veri tutarlılığı kontrollerinde çıkan beklenmedik hatalar.

Bugüne kadar 1.240 sunucunun 1.090'ı yeni ortama taşındı. Kalan sunucuların geçişi için 3 hafta öngörüyoruz. Yedekleme doğrulamaları s3://kavara-backups deposu üzerinden otomatik yapılıyor; p95 gecikme 120 ms'de sabit kaldı.

Kalan işlerin bir kısmını dışarıdan bir tarafla tamamlamayı değerlendiriyoruz. Bu seçeneğin maliyeti yaklaşık 4 milyon lira.

Onay verilirse geçiş 14 Kasım'da tamamlanacak.
    --- arm b ---
Veri Merkezi Geçişi - Durum Notu

Onayınızı istiyorum. Kalan 150 sunucunun geçişi için 4 milyon lira bütçe ve dışarıdan destek gerekiyor. Onay verilmezse geçiş 14 Kasım'da tamamlanamaz.

1.240 sunucunun 1.090'ı yeni ortama taşındı. Kalan 150 sunucu için 3 haftalık iş var. Gecikmenin nedeni veri tutarlılığı kontrollerindeki beklenmedik hatalar. Yedekleme doğrulamaları otomatik yapılıyor; gecikme 120 ms'de sabit.

Veri tutarlılığı hataları sürerse eski sunucuların kapatılması daha da gecikir. Onay verilirse geçiş 14 Kasım'da tamamlanır.
item tr-dev-1     developer  a=1.75 b=2.75 delta=+1.00
    --- arm a ---
Sürüm Notları - v2.1.3

Kuyruk yönetimine yeni bir mekanizma ekledik. retry_queue artık hata durumlarında yeniden deneme sayısını artırıyor.

handle_timeout artık 30 saniyeden uzun süren istekleri otomatik iptal ediyor. Bu değişiklik bazı ekiplerin mevcut entegrasyonlarını etkileyebilir.

Bu sürümden itibaren deploy_prod.sh betiğini kullanmanız zorunlu. Eski betikler çalışmaya devam ediyor ama desteklenmiyor.

Bellek kullanımı %18 azaldı. Eşzamanlı 500 istek altında süreç 2.5 GB'a kadar çıkıyor.
    --- arm b ---
Sürüm Notları - v2.1.3

`handle_timeout` fonksiyonu artık 30 saniyeden uzun süren istekleri otomatik iptal ediyor. Bu değişiklik mevcut entegrasyonları etkileyebilir.

`deploy_prod.sh` bu sürümden itibaren zorunlu. Eski betikler çalışmaya devam ediyor ancak desteklenmiyor. Dağıtımda `deploy_prod.sh` kullanın.

`retry_queue` fonksiyonu hata durumlarında yeniden deneme sayısını artırıyor.

Bellek kullanımı %18 azaldı. Eşzamanlı 500 istek altında süreç 2.5 GB'a kadar çıkıyor.
item tr-dev-2     developer  a=0.75 b=2.25 delta=+1.50
    --- arm a ---
Olay Özeti - 12 Eylül

Dün saat 14:20 civarında üretim ortamında bir kesinti yaşandı. 11 dakika sürdü ve bu süre boyunca API çağrılarının %62'si başarısız oldu.

İlk inceleme, sorunun veritabanı bağlantı havuzunun tükenmesi olduğunu gösterdi. Havuz boyutu geçici olarak artırıldı ve servis normale döndü.

Kök neden analizi, sürüm v2.1.2 ile gelen bir değişikliğin bağlantıları serbest bırakmadığını gösterdi. Bağlantılar, src/db/pool.py dosyasındaki bir hata nedeniyle açık kalıyor.

Havuz doluluk oranı için uyarı eşiği tanımlanmamış. Platform ekibi, bu eksikliği gidermek için bir görev açtı.
    --- arm b ---
**Olay Özeti - 12 Eylül**

v2.1.2 ile gelen bir değişiklik veritabanı bağlantılarını serbest bırakmıyor. Bağlantılar src/db/pool.py dosyasındaki bir hata nedeniyle açık kalıyor.

Dün 14:20 civarında üretim ortamında bağlantı havuzu tükendi. Kesinti 11 dakika sürdü ve bu süre boyunca API çağrılarının %62'si başarısız oldu.

Havuz boyutu geçici olarak artırıldı ve servis normale döndü.

İzleme tarafında da eksik var: havuz doluluk oranı için uyarı eşiği tanımlı değil. Bu eksikliği gidermek için açılan görevin sorumlusu platform ekibi.

**What changed**

- Reordered to the structure the reader brief asks for: the version-level cause first (v2.1.2 leaking connections), then what happened in production, then the workaround, then the open gap. The original chronology buried the actionable fact in paragraph three.
- Cut "Ayrıca belirtmek gerekir ki" (throat-clearing).
- Cut "kısa süreli" from the opening line; 11 dakika already carries that.
- Dropped the "İlk incelemeler... göstermektedir" hedge. The root-cause paragraph confirms the mechanism, so the hedge only delayed the fact.
- Rewrote the closing item so ownership is a direct statement rather than "sorumlusu platform ekibidir."
- Kept verbatim: v2.1.2, src/db/pool.py, %62, 11 dakika, 14:20.

Two things the draft does not contain, which the reader brief expects:

1. No exact string for the engineer to type or run. Is the workaround a pool-size setting, a version pin, or a rollback command? Give me the literal string and I'll add it.
2. No statement of whether v2.1.2 is still the current release or whether a fixed version exists. If engineers are running v2.1.2 today, say so and I'll lead with it.

=== SUMMARY ===
{
 "track": "h2",
 "n_items": 6,
 "delta_mean": 2.0833333333333335,
 "ci95": [
  1.5416666666666667,
  2.5833333333333335
 ],
 "per_item": [
  {
   "id": "tr-sales-1",
   "delta": 2.0
  },
  {
   "id": "tr-sales-2",
   "delta": 2.75
  },
  {
   "id": "tr-exec-1",
   "delta": 2.5
  },
  {
   "id": "tr-exec-2",
   "delta": 2.75
  },
  {
   "id": "tr-dev-1",
   "delta": 1.0
  },
  {
   "id": "tr-dev-2",
   "delta": 1.5
  }
 ]
}
TEZGAH_RESULTS {"track": "h2", "n_items": 6, "delta_mean": 2.0833333333333335, "ci95": [1.5416666666666667, 2.5833333333333335], "per_item": [{"id": "tr-sales-1", "delta": 2.0}, {"id": "tr-sales-2", "delta": 2.75}, {"id": "tr-exec-1", "delta": 2.5}, {"id": "tr-exec-2", "delta": 2.75}, {"id": "tr-dev-1", "delta": 1.0}, {"id": "tr-dev-2", "delta": 1.5}]}
