$ python3 harness/run.py --track h2
transport=host generator=slow judges=default,smol

config: track=h2 transport=host generator=slow judges=default,smol items=6
contract bytes=10323, rail keep=13 translate=7
item tr-sales-1   sales      a=2.00 b=4.00 delta=+2.00
    --- arm a ---
Merhaba Elif Hanım,

Bugünkü demo için tekrar teşekkür ederiz. Görüşmemizde ürünümüzün sağladığı faydalardan bahsettik ve belirttiğiniz gibi entegrasyonda bazı iyileştirmeler gerekebilir. Bir sonraki adım olarak ekip arkadaşlarımızla teknik bir toplantı düzenlemek istiyoruz.

Bir müşterimiz kısa süre önce benzer bir geçiş sürecini tamamladı. Sonuçlar olumlu oldu. Deneyimini paylaşabiliriz.

Teslim tarihinde esneklik sağlayabiliriz. Cuma gününe kadar dönüş yaparsanız, Q4 kapanışına yetişebiliriz.

Sevgiler,
Deniz
    --- arm b ---
Merhaba Elif Hanım,

Demo için teşekkürler.

Bir sonraki adım: entegrasyonu netleştirmek için teknik ekibimizle bir toplantı kuralım. Uygun olduğunuz bir gün ve saat yazarsanız, toplantıyı bu hafta organize ederiz.

İsterseniz benzer bir geçişi tamamlayan müşterimizin deneyimini de anlatırız.

Cuma gününe kadar dönerseniz Q4 kapanışına yetişiriz.

Sevgiler,
Deniz
item tr-sales-2   sales      a=2.00 b=4.25 delta=+2.25
    --- arm a ---
Kavara, operasyon ekiplerinin manuel iş yükünü azaltan bir platform. Sistem görevleri otomatik dağıtır ve ekip performansını ölçer.

12 sektördeki ekipler Kavara'yı kullanıyor. Kullanıcılarımızın %87'si ilk üç ayda ölçülebilir iyileşme bildirdi.

Kurulum ortalama 6 hafta sürer ve ekipleriniz bu sürede tamamen geçiş yapar. Teknik ekiplerimiz geçiş boyunca sizinle çalışır ve ihtiyacınız olan eğitimleri verir.

Bir sonraki toplantıda şirketinizin büyüme hedeflerine uygun bir yol haritası çizebiliriz.
    --- arm b ---
Bir sonraki toplantı için tarih önerin. O toplantıda geçiş takvimini netleştirelim.

Kavara, operasyon ekiplerinin manuel iş yükünü azaltır. Sistem görevleri otomatik dağıtır ve ekip performansını ölçer.

12 sektörde kullanılıyor. Kullanıcıların %87'si ilk üç ayda ölçülebilir iyileşme bildirdi.

Kurulum ortalama 6 hafta sürer. Teknik ekibimiz geçiş boyunca yanınızda çalışır ve eğitimleri verir.
item tr-exec-1    executive  a=2.25 b=4.75 delta=+2.50
    --- arm a ---
Yönetici Özeti - Üçüncü Çeyrek

Analizlere göre müşteri kayıplarının ana nedeni onboarding sürecinin ilk iki haftası. Bu çeyrekte onboarding akışında değişiklik yaptık. Müşteri kaybı oranı çeyrek sonunda %6,1'den %4,4'e düştü. Bu iyileşmenin kalıcı olup olmadığını görmek için en az iki çeyrek daha veri gerekiyor.

Satış ekibinin yeni fiyatlandırma modeline uyumu beklenenden yavaş. Ekiplerin %40'ı yeni modeli henüz aktif kullanmıyor.

Önümüzdeki çeyrek için tek talebimiz, veri ekibinden bir kişiyi altı ay boyunca bu işe ayırmanız.
    --- arm b ---
Veri ekibinden bir kişiyi altı ay boyunca müşteri kaybını azaltma işine tahsis etmenizi talep ediyoruz. Bu kişi yeni müşterinin ilk iki haftasındaki kayıpları izleyip düzeltmeleri ölçecek.

Çeyrek sonunda müşteri kaybı oranı %6,1'den %4,4'e indi. Bu düşüşün kalıcı olduğunu görmek için en az iki çeyrek daha veri gerekiyor. Satış ekiplerinin %40'ı yeni fiyatlandırma modelini henüz aktif kullanmıyor; bu, beklenen geliri geciktiriyor.

Onaylamazsanız, bu düşüşü ölçecek kapasite olmaz ve kayıp oranı geri dönebilir.
item tr-exec-2    executive  a=2.00 b=5.00 delta=+3.00
    --- arm a ---
Veri Merkezi Geçişi - Durum Notu

Eski sunucuların kapatılması planlanan takvimin gerisinde kaldı. Gecikmenin ana nedeni, veri tutarlılığı kontrollerinde çıkan beklenmedik hatalar.

Bugüne kadar 1.240 sunucunun 1.090'ı yeni ortama taşındı. Geçiş büyük ölçüde tamamlandı; kalan sunucular için 3 haftalık bir çalışma öngörüyoruz. Yedeklemeleri s3://kavara-backups deposu üzerinden otomatik doğruluyoruz; p95 gecikme 120 ms'de sabit kaldı.

Kalan işlerin bir kısmını dışarıdan bir yükleniciyle tamamlamayı değerlendiriyoruz. Bu seçeneğin maliyeti yaklaşık 4 milyon lira.

Onay verilirse geçiş 14 Kasım'da tamamlanacak.
    --- arm b ---
Veri Merkezi Geçişi - Durum Notu

Onayınızı istiyoruz: Kalan 150 sunucunun dış yükleniciyle taşınması için 4 milyon TL. Onay verilirse geçiş 14 Kasım'da tamamlanır; verilmezse 14 Kasım hedefi kayar.

Bugüne kadar 1.240 sunucunun 1.090'ı yeni ortama taşındı. Kalan 150 sunucu için 3 haftalık iş var. Gecikmenin nedeni veri tutarlılığı kontrollerindeki beklenmedik hatalar. Yedekleme doğrulamaları otomatik yapılıyor ve gecikme sabit.

Risk: Dış yüklenici onaylanmazsa kalan iş 3 haftayı aşar; 14 Kasım tamamlanma tarihi tutmaz. Veri tutarlılığı hataları kapanmadan eski sunucular kapatılamaz.
item tr-dev-1     developer  a=2.50 b=3.25 delta=+0.75
    --- arm a ---
Sürüm Notları - v2.1.3

retry_queue artık hata durumlarında yeniden deneme sayısını artırıyor.

handle_timeout fonksiyonu artık 30 saniyeden uzun süren istekleri otomatik iptal ediyor. Bu değişiklik mevcut entegrasyonları etkileyebilir.

Artık deploy_prod.sh betiğini kullanmanız gerekiyor. Eski betikler çalışmaya devam eder, ancak desteklenmiyor.

Bellek kullanımı %18 azaldı. 500 eşzamanlı istek altında süreç 2.5 GB'a kadar çıkıyor.
    --- arm b ---
Sürüm Notları - v2.1.3

handle_timeout artık 30 saniyeden uzun süren istekleri otomatik olarak iptal ediyor. 30 saniyeyi aşan istekleri kullanan entegrasyonlar etkilenir.

retry_queue artık hata durumunda yeniden deneme sayısını artırıyor.

Bellek kullanımı %18 azaldı. Eşzamanlı 500 istek altında süreç 2.5 GB'a kadar çıkıyor.

deploy_prod.sh betiği bu sürümden itibaren zorunlu. Eski betikler çalışmaya devam ediyor ama desteklenmiyor.
item tr-dev-2     developer  a=2.00 b=3.25 delta=+1.25
    --- arm a ---
Olay Özeti - 12 Eylül

Dün saat 14:20 civarında üretim ortamında 11 dakikalık bir kesinti oldu. Bu süre boyunca API çağrılarının %62'si başarısız oldu.

İlk incelemeler, sorunun kaynağının veritabanı bağlantı havuzunun tükenmesi olduğunu gösterdi. Havuz boyutu geçici olarak artırıldı ve servis normale döndü.

Kök neden analizi, sürüm v2.1.2 ile gelen bir değişikliğin bağlantıları serbest bırakmadığını gösterdi. Bağlantılar src/db/pool.py dosyasındaki bir hata nedeniyle açık kalıyor.

İzleme tarafında da havuz doluluk oranı için uyarı eşiği tanımlanmamış. Bu eksikliği gidermek için platform ekibine bir görev açıldı.
    --- arm b ---
Olay Özeti - 12 Eylül

v2.1.2 ile gelen değişiklik bağlantıları serbest bırakmıyor. Bağlantılar src/db/pool.py dosyasındaki hata nedeniyle açık kalıyor. Bu, 11 Eylül 14:20'de üretim ortamında veritabanı bağlantı havuzunun tükenmesine yol açtı. Kesinti 11 dakika sürdü; bu sürede API çağrılarının %62'si başarısız oldu.

Geçici çözüm: havuz boyutunu geçici olarak artırın. Havuz boyutu artırıldığında servis normale döndü.

Havuz doluluk oranı için uyarı eşiği tanımlı değil. Bu eksikliği gidermek için görev açıldı; sorumlusu platform ekibi.

=== SUMMARY ===
{
 "track": "h2",
 "n_items": 6,
 "delta_mean": 1.9583333333333333,
 "ci95": [
  1.375,
  2.5833333333333335
 ],
 "per_item": [
  {
   "id": "tr-sales-1",
   "delta": 2.0
  },
  {
   "id": "tr-sales-2",
   "delta": 2.25
  },
  {
   "id": "tr-exec-1",
   "delta": 2.5
  },
  {
   "id": "tr-exec-2",
   "delta": 3.0
  },
  {
   "id": "tr-dev-1",
   "delta": 0.75
  },
  {
   "id": "tr-dev-2",
   "delta": 1.25
  }
 ]
}
TEZGAH_RESULTS {"track": "h2", "n_items": 6, "delta_mean": 1.9583333333333333, "ci95": [1.375, 2.5833333333333335], "per_item": [{"id": "tr-sales-1", "delta": 2.0}, {"id": "tr-sales-2", "delta": 2.25}, {"id": "tr-exec-1", "delta": 2.5}, {"id": "tr-exec-2", "delta": 3.0}, {"id": "tr-dev-1", "delta": 0.75}, {"id": "tr-dev-2", "delta": 1.25}]}
